thread[139706800563712]: 2024-04-03 22:38:56 MemBlock new 94375600560928
thread[139706800563712]: 2024-04-03 22:38:56 MemBlock new 94375600567392
thread[139706800563712]: 2024-04-03 22:38:56 MemBlock new 94375600569488
thread[139706800563712]: 2024-04-03 22:38:56 MemBlock new 94375600571248
thread[139706800563712]: 2024-04-03 22:38:56 MemBlock new 94375600574768
thread[139706800563712]: 2024-04-03 22:38:56 MemBlock new 94375600578704
thread[139706800563712]: 2024-04-03 22:38:56 MemBlock new 94375600561024
thread[139706800563712]: 2024-04-03 22:38:56 MemBlock new 94375600579120
thread[139706800563712]: 2024-04-03 22:38:56 MemBlock new 94375600562640
thread[139706800563712]: 2024-04-03 22:38:56 MemBlock new 94375600562880
thread[139706800563712]: 2024-04-03 22:38:56 MemBlock new 94375600598816
thread[139706800563712]: 2024-04-03 22:38:56 =============Free list:===========
thread[139706800563712]: 2024-04-03 22:38:56 MemBlock 94375600561328 1024
thread[139706800563712]: 2024-04-03 22:38:56 =============Used list:===========
thread[139706800563712]: 2024-04-03 22:38:56 ==================================
thread[139706800563712]: 2024-04-03 22:38:56 ~SendMRManager()
thread[139706800563712]: 2024-04-03 22:38:56 MemBlock delete 94375600598816
